Archive member included to satisfy reference by file (symbol)

lib/NDKcore.a(printf.o)       NanoCore/main.o (printf)
lib/NDKcore.a(vsprintf.o)     NanoCore/main.o (vsprintf)
lib/NDKcore.a(string.o)       NanoCore/start.o (memcpy)
lib/NDKcore.a(misc.o)         NanoCore/main.o (send_recv)
lib/NDKcore.a(open.o)         NanoCore/main.o (open)
lib/NDKcore.a(read.o)         NanoCore/main.o (read)
lib/NDKcore.a(write.o)        NanoCore/main.o (write)
lib/NDKcore.a(close.o)        NanoCore/main.o (close)
lib/NDKcore.a(getpid.o)       NanoCore/main.o (getpid)
lib/NDKcore.a(stat.o)         mm/exec.o (stat)
lib/NDKcore.a(fork.o)         NanoCore/main.o (fork)
lib/NDKcore.a(wait.o)         NanoCore/main.o (wait)
lib/NDKcore.a(exec.o)         NanoCore/main.o (execv)
lib/NDKcore.a(syscall.o)      lib/NDKcore.a(misc.o) (sendrec)

Allocating common symbols
Common symbol       size              file

idt_ptr             0x6               NanoCore/global.o
inode_table         0xb00             NanoCore/global.o
task_stack          0x24000           NanoCore/global.o
k_reenter           0x4               NanoCore/global.o
gdt                 0x400             NanoCore/global.o
current_console     0x4               NanoCore/global.o
pcaller             0x4               NanoCore/global.o
tty_table           0xc6c             NanoCore/global.o
tss                 0x68              NanoCore/global.o
fs_msg              0x30              NanoCore/global.o
memory_size         0x4               NanoCore/global.o
f_desc_table        0x400             NanoCore/global.o
root_inode          0x4               NanoCore/global.o
disp_pos            0x4               NanoCore/global.o
mm_msg              0x30              NanoCore/global.o
key_pressed         0x4               NanoCore/global.o
gdt_ptr             0x6               NanoCore/global.o
idt                 0x800             NanoCore/global.o
super_block         0x1e0             NanoCore/global.o
PARTITION_ENTRY     0x10              NanoCore/hd.o
ticks               0x4               NanoCore/global.o
console_table       0x3c              NanoCore/global.o
irq_table           0x40              NanoCore/global.o
p_proc_ready        0x4               NanoCore/global.o
proc_table          0x3af8            NanoCore/global.o

Discarded input sections

 .note.GNU-stack
                0x0000000000000000        0x0 NanoCore/start.o
 .note.GNU-stack
                0x0000000000000000        0x0 NanoCore/main.o
 .note.GNU-stack
                0x0000000000000000        0x0 NanoCore/clock.o
 .note.GNU-stack
                0x0000000000000000        0x0 NanoCore/keyboard.o
 .note.GNU-stack
                0x0000000000000000        0x0 NanoCore/tty.o
 .note.GNU-stack
                0x0000000000000000        0x0 NanoCore/console.o
 .note.GNU-stack
                0x0000000000000000        0x0 NanoCore/i8259.o
 .note.GNU-stack
                0x0000000000000000        0x0 NanoCore/global.o
 .note.GNU-stack
                0x0000000000000000        0x0 NanoCore/protect.o
 .note.GNU-stack
                0x0000000000000000        0x0 NanoCore/proc.o
 .note.GNU-stack
                0x0000000000000000        0x0 NanoCore/systask.o
 .note.GNU-stack
                0x0000000000000000        0x0 NanoCore/hd.o
 .note.GNU-stack
                0x0000000000000000        0x0 NanoCore/klib.o
 .note.GNU-stack
                0x0000000000000000        0x0 lib/syslog.o
 .note.GNU-stack
                0x0000000000000000        0x0 mm/main.o
 .note.GNU-stack
                0x0000000000000000        0x0 mm/forkexit.o
 .note.GNU-stack
                0x0000000000000000        0x0 mm/exec.o
 .note.GNU-stack
                0x0000000000000000        0x0 Nafs/main.o
 .note.GNU-stack
                0x0000000000000000        0x0 Nafs/open.o
 .note.GNU-stack
                0x0000000000000000        0x0 Nafs/misc.o
 .note.GNU-stack
                0x0000000000000000        0x0 Nafs/read_write.o
 .note.GNU-stack
                0x0000000000000000        0x0 Nafs/link.o
 .note.GNU-stack
                0x0000000000000000        0x0 Nafs/disklog.o
 .note.GNU-stack
                0x0000000000000000        0x0 lib/color.o
 .note.GNU-stack
                0x0000000000000000        0x0 lib/NDKcore.a(printf.o)
 .note.GNU-stack
                0x0000000000000000        0x0 lib/NDKcore.a(vsprintf.o)
 .note.GNU-stack
                0x0000000000000000        0x0 lib/NDKcore.a(misc.o)
 .note.GNU-stack
                0x0000000000000000        0x0 lib/NDKcore.a(open.o)
 .note.GNU-stack
                0x0000000000000000        0x0 lib/NDKcore.a(read.o)
 .note.GNU-stack
                0x0000000000000000        0x0 lib/NDKcore.a(write.o)
 .note.GNU-stack
                0x0000000000000000        0x0 lib/NDKcore.a(close.o)
 .note.GNU-stack
                0x0000000000000000        0x0 lib/NDKcore.a(getpid.o)
 .note.GNU-stack
                0x0000000000000000        0x0 lib/NDKcore.a(stat.o)
 .note.GNU-stack
                0x0000000000000000        0x0 lib/NDKcore.a(fork.o)
 .note.GNU-stack
                0x0000000000000000        0x0 lib/NDKcore.a(wait.o)
 .note.GNU-stack
                0x0000000000000000        0x0 lib/NDKcore.a(exec.o)

Memory Configuration

Name             Origin             Length             Attributes
*default*        0x0000000000000000 0xffffffffffffffff

Linker script and memory map

Address of section .text set to 0x1000
LOAD NanoCore/kernel.o
LOAD NanoCore/start.o
LOAD NanoCore/main.o
LOAD NanoCore/clock.o
LOAD NanoCore/keyboard.o
LOAD NanoCore/tty.o
LOAD NanoCore/console.o
LOAD NanoCore/i8259.o
LOAD NanoCore/global.o
LOAD NanoCore/protect.o
LOAD NanoCore/proc.o
LOAD NanoCore/systask.o
LOAD NanoCore/hd.o
LOAD NanoCore/kliba.o
LOAD NanoCore/klib.o
LOAD lib/syslog.o
LOAD mm/main.o
LOAD mm/forkexit.o
LOAD mm/exec.o
LOAD Nafs/main.o
LOAD Nafs/open.o
LOAD Nafs/misc.o
LOAD Nafs/read_write.o
LOAD Nafs/link.o
LOAD Nafs/disklog.o
LOAD lib/color.o
LOAD lib/NDKcore.a
                [!provide]                        PROVIDE (__executable_start, 0x8048000)
                0x0000000008048094                . = (0x8048000 + SIZEOF_HEADERS)

.interp
 *(.interp)

.note.gnu.build-id
 *(.note.gnu.build-id)

.hash
 *(.hash)

.gnu.hash
 *(.gnu.hash)

.dynsym
 *(.dynsym)

.dynstr
 *(.dynstr)

.gnu.version
 *(.gnu.version)

.gnu.version_d
 *(.gnu.version_d)

.gnu.version_r
 *(.gnu.version_r)

.rel.dyn        0x0000000008048094        0x0
 *(.rel.init)
 *(.rel.text .rel.text.* .rel.gnu.linkonce.t.*)
 .rel.text      0x0000000008048094        0x0 NanoCore/kernel.o
 *(.rel.fini)
 *(.rel.rodata .rel.rodata.* .rel.gnu.linkonce.r.*)
 *(.rel.data.rel.ro .rel.data.rel.ro.* .rel.gnu.linkonce.d.rel.ro.*)
 *(.rel.data .rel.data.* .rel.gnu.linkonce.d.*)
 .rel.data      0x0000000008048094        0x0 NanoCore/kernel.o
 *(.rel.tdata .rel.tdata.* .rel.gnu.linkonce.td.*)
 *(.rel.tbss .rel.tbss.* .rel.gnu.linkonce.tb.*)
 *(.rel.ctors)
 *(.rel.dtors)
 *(.rel.got)
 *(.rel.bss .rel.bss.* .rel.gnu.linkonce.b.*)
 *(.rel.ifunc)

.rel.plt        0x0000000008048094        0x0
 *(.rel.plt)
                [!provide]                        PROVIDE (__rel_iplt_start, .)
 *(.rel.iplt)
 .rel.iplt      0x0000000008048094        0x0 NanoCore/kernel.o
                [!provide]                        PROVIDE (__rel_iplt_end, .)

.init
 *(SORT(.init))

.plt            0x00000000080480a0        0x0
 *(.plt)
 *(.iplt)
 .iplt          0x00000000080480a0        0x0 NanoCore/kernel.o

.plt.got
 *(.plt.got)

.text           0x0000000000001000     0xc9c8
 *(.text.unlikely .text.*_unlikely .text.unlikely.*)
 *(.text.exit .text.exit.*)
 *(.text.startup .text.startup.*)
 *(.text.hot .text.hot.*)
 *(.text .stub .text.* .gnu.linkonce.t.*)
 .text          0x0000000000001000      0x410 NanoCore/kernel.o
                0x0000000000001000                _start
                0x0000000000001040                hwint00
                0x0000000000001070                hwint01
                0x00000000000010a0                hwint02
                0x00000000000010d0                hwint03
                0x0000000000001100                hwint04
                0x0000000000001130                hwint05
                0x0000000000001160                hwint06
                0x0000000000001190                hwint07
                0x00000000000011c0                hwint08
                0x00000000000011f0                hwint09
                0x0000000000001220                hwint10
                0x0000000000001250                hwint11
                0x0000000000001280                hwint12
                0x00000000000012b0                hwint13
                0x00000000000012e0                hwint14
                0x0000000000001310                hwint15
                0x0000000000001334                divide_error
                0x000000000000133a                single_step_exception
                0x0000000000001340                nmi
                0x0000000000001346                breakpoint_exception
                0x000000000000134c                overflow
                0x0000000000001352                bounds_check
                0x0000000000001358                inval_opcode
                0x000000000000135e                copr_not_available
                0x0000000000001364                double_fault
                0x0000000000001368                copr_seg_overrun
                0x000000000000136e                inval_tss
                0x0000000000001372                segment_not_present
                0x0000000000001376                stack_exception
                0x000000000000137a                general_protection
                0x000000000000137e                page_fault
                0x0000000000001382                copr_error
                0x00000000000013cb                sys_call
                0x00000000000013eb                restart
 .text          0x0000000000001410      0x11b NanoCore/start.o
                0x0000000000001410                cstart
 .text          0x000000000000152b      0x94b NanoCore/main.o
                0x000000000000152b                kernel_main
                0x0000000000001860                get_ticks
                0x0000000000001898                untar
                0x0000000000001a62                shabby_shell
                0x0000000000001ca2                Init
                0x0000000000001e17                TestA
                0x0000000000001e1c                TestB
                0x0000000000001e21                TestC
                0x0000000000001e26                panic
 .text          0x0000000000001e76      0x115 NanoCore/clock.o
                0x0000000000001e76                clock_handler
                0x0000000000001eee                milli_delay
                0x0000000000001f27                init_clock
 .text          0x0000000000001f8b      0x6cf NanoCore/keyboard.o
                0x0000000000001f8b                keyboard_handler
                0x0000000000001ff1                init_keyboard
                0x00000000000020a0                keyboard_read
 .text          0x000000000000265a      0x9d3 NanoCore/tty.o
                0x000000000000265a                task_tty
                0x000000000000280e                in_process
                0x0000000000002d34                sys_printx
                0x0000000000002ed6                dump_tty_buf
 .text          0x000000000000302d      0x7ed NanoCore/console.o
                0x000000000000302d                init_screen
                0x00000000000031aa                out_char
                0x00000000000034a0                is_current_console
                0x0000000000003595                select_console
                0x00000000000035d0                scroll_screen
 .text          0x000000000000381a      0x13c NanoCore/i8259.o
                0x000000000000381a                init_8259A
                0x000000000000390b                spurious_irq
                0x0000000000003936                put_irq_handler
 .text          0x0000000000003956        0x0 NanoCore/global.o
 .text          0x0000000000003956      0x842 NanoCore/protect.o
                0x0000000000003956                init_prot
                0x0000000000003fb0                seg2linear
                0x0000000000003fff                init_desc
                0x000000000000406b                exception_handler
 .text          0x0000000000004198     0x18aa NanoCore/proc.o
                0x0000000000004198                schedule
                0x0000000000004223                sys_sendrec
                0x0000000000004382                ldt_seg_linear
                0x00000000000043cc                va2la
                0x000000000000443b                reset_msg
                0x0000000000005402                inform_int
                0x0000000000005598                dump_proc
                0x00000000000058fb                dump_msg
 .text          0x0000000000005a42      0x2cf NanoCore/systask.o
                0x0000000000005a42                task_sys
 .text          0x0000000000005d11      0xe9e NanoCore/hd.o
                0x0000000000005d11                task_hd
                0x0000000000006b8a                hd_handler
 *fill*         0x0000000000006baf        0x1 
 .text          0x0000000000006bb0      0x19a NanoCore/kliba.o
                0x0000000000006bb0                disp_str
                0x0000000000006bee                disp_color_str
                0x0000000000006c2d                out_byte
                0x0000000000006c39                in_byte
                0x0000000000006c43                port_read
                0x0000000000006c56                port_write
                0x0000000000006c69                disable_irq
                0x0000000000006c9e                enable_irq
                0x0000000000006cbd                disable_int
                0x0000000000006cbf                enable_int
                0x0000000000006cc1                glitter
 .text          0x0000000000006d4a      0x2d2 NanoCore/klib.o
                0x0000000000006d4a                get_boot_params
                0x0000000000006dea                get_kernel_map
                0x0000000000006f06                itoa
                0x0000000000006fb1                disp_int
                0x0000000000006fd6                delay
 .text          0x000000000000701c       0x75 lib/syslog.o
                0x000000000000701c                syslog
 .text          0x0000000000007091      0x1d9 mm/main.o
                0x0000000000007091                task_mm
                0x00000000000071d7                alloc_mem
                0x0000000000007260                free_mem
 .text          0x000000000000726a      0x620 mm/forkexit.o
                0x000000000000726a                do_fork
                0x0000000000007606                do_exit
                0x00000000000077d1                do_wait
 .text          0x000000000000788a      0x392 mm/exec.o
                0x000000000000788a                do_exec
 .text          0x0000000000007c1c     0x1229 Nafs/main.o
                0x0000000000007c1c                task_fs
                0x00000000000087e3                rw_sector
                0x0000000000008a1d                get_super_block
                0x0000000000008a63                get_inode
                0x0000000000008bd1                put_inode
                0x0000000000008c16                sync_inode
 .text          0x0000000000008e45      0xb5d Nafs/open.o
                0x0000000000008e45                do_open
                0x00000000000092d4                do_close
                0x000000000000934b                do_lseek
 .text          0x00000000000099a2      0x3f6 Nafs/misc.o
                0x00000000000099a2                do_stat
                0x0000000000009b93                search_file
                0x0000000000009d0c                strip_path
 .text          0x0000000000009d98      0x522 Nafs/read_write.o
                0x0000000000009d98                do_rdwt
 .text          0x000000000000a2ba      0x8f6 Nafs/link.o
                0x000000000000a2ba                do_unlink
 .text          0x000000000000abb0     0x2142 Nafs/disklog.o
                0x000000000000abb0                disklog
                0x000000000000b1f6                dump_fd_graph
 .text          0x000000000000ccf2       0xae lib/color.o
                0x000000000000ccf2                printfInfo
                0x000000000000cd0f                printfWarn
                0x000000000000cd2c                printfErro
                0x000000000000cd49                printfInfoNotReturn
                0x000000000000cd66                printfWarnNotReturn
                0x000000000000cd83                printfErroNotReturn
 .text          0x000000000000cda0       0xc0 lib/NDKcore.a(printf.o)
                0x000000000000cda0                printf
                0x000000000000ce1f                printl
 .text          0x000000000000ce60      0x318 lib/NDKcore.a(vsprintf.o)
                0x000000000000cec3                vsprintf
                0x000000000000d14e                sprintf
 *fill*         0x000000000000d178        0x8 
 .text          0x000000000000d180       0x78 lib/NDKcore.a(string.o)
                0x000000000000d180                memcpy
                0x000000000000d1a9                memset
                0x000000000000d1ca                strcpy
                0x000000000000d1e2                strlen
 .text          0x000000000000d1f8      0x288 lib/NDKcore.a(misc.o)
                0x000000000000d1f8                send_recv
                0x000000000000d2d8                memcmp
                0x000000000000d34e                strcmp
                0x000000000000d3c0                strcat
                0x000000000000d41f                spin
                0x000000000000d43a                assertion_failure
 .text          0x000000000000d480       0x73 lib/NDKcore.a(open.o)
                0x000000000000d480                open
 .text          0x000000000000d4f3       0x3f lib/NDKcore.a(read.o)
                0x000000000000d4f3                read
 .text          0x000000000000d532       0x3f lib/NDKcore.a(write.o)
                0x000000000000d532                write
 .text          0x000000000000d571       0x33 lib/NDKcore.a(close.o)
                0x000000000000d571                close
 .text          0x000000000000d5a4       0x59 lib/NDKcore.a(getpid.o)
                0x000000000000d5a4                getpid
 .text          0x000000000000d5fd       0x73 lib/NDKcore.a(stat.o)
                0x000000000000d5fd                stat
 .text          0x000000000000d670       0x84 lib/NDKcore.a(fork.o)
                0x000000000000d670                fork
 .text          0x000000000000d6f4       0x44 lib/NDKcore.a(wait.o)
                0x000000000000d6f4                wait
 .text          0x000000000000d738      0x263 lib/NDKcore.a(exec.o)
                0x000000000000d738                exec
                0x000000000000d7b3                execl
                0x000000000000d7d9                execv
 *fill*         0x000000000000d99b        0x5 
 .text          0x000000000000d9a0       0x28 lib/NDKcore.a(syscall.o)
                0x000000000000d9a0                sendrec
                0x000000000000d9ba                printx
 *(.gnu.warning)

.fini
 *(SORT(.fini))
                [!provide]                        PROVIDE (__etext, .)
                [!provide]                        PROVIDE (_etext, .)
                [!provide]                        PROVIDE (etext, .)

.rodata         0x000000000000d9e0     0x299b
 *(.rodata .rodata.* .gnu.linkonce.r.*)
 .rodata        0x000000000000d9e0      0x18b NanoCore/start.o
 *fill*         0x000000000000db6b        0x1 
 .rodata        0x000000000000db6c      0x220 NanoCore/main.o
 .rodata        0x000000000000dd8c       0x64 NanoCore/keyboard.o
 .rodata        0x000000000000ddf0      0x19a NanoCore/tty.o
 *fill*         0x000000000000df8a        0x2 
 .rodata        0x000000000000df8c       0x5b NanoCore/console.o
 .rodata        0x000000000000dfe7       0x1d NanoCore/i8259.o
 .rodata        0x000000000000e004       0x10 NanoCore/global.o
                0x000000000000e004                FSBUF_SIZE
                0x000000000000e008                MMBUF_SIZE
                0x000000000000e00c                LOGBUF_SIZE
                0x000000000000e010                LOGDISKBUF_SIZE
 *fill*         0x000000000000e014        0xc 
 .rodata        0x000000000000e020      0x5a0 NanoCore/protect.o
 .rodata        0x000000000000e5c0      0x62a NanoCore/proc.o
 .rodata        0x000000000000ebea       0x1d NanoCore/systask.o
 *fill*         0x000000000000ec07        0x1 
 .rodata        0x000000000000ec08      0x238 NanoCore/hd.o
 .rodata        0x000000000000ee40       0x6a NanoCore/klib.o
 .rodata        0x000000000000eeaa       0x1e lib/syslog.o
 .rodata        0x000000000000eec8       0xd3 mm/main.o
 *fill*         0x000000000000ef9b        0x1 
 .rodata        0x000000000000ef9c       0xe7 mm/forkexit.o
 *fill*         0x000000000000f083        0x1 
 .rodata        0x000000000000f084       0xac mm/exec.o
 .rodata        0x000000000000f130      0x2fe Nafs/main.o
 *fill*         0x000000000000f42e        0x2 
 .rodata        0x000000000000f430      0x169 Nafs/open.o
 *fill*         0x000000000000f599        0x3 
 .rodata        0x000000000000f59c       0x66 Nafs/misc.o
 *fill*         0x000000000000f602        0x2 
 .rodata        0x000000000000f604      0x168 Nafs/read_write.o
 .rodata        0x000000000000f76c      0x1c9 Nafs/link.o
 *fill*         0x000000000000f935        0x3 
 .rodata        0x000000000000f938      0x806 Nafs/disklog.o
 .rodata        0x000000000001013e       0x2d lib/color.o
 .rodata        0x000000000001016b       0x14 lib/NDKcore.a(printf.o)
 *fill*         0x000000000001017f        0x1 
 .rodata        0x0000000000010180       0xd4 lib/NDKcore.a(misc.o)
 .rodata        0x0000000000010254       0x23 lib/NDKcore.a(open.o)
 .rodata        0x0000000000010277       0x25 lib/NDKcore.a(getpid.o)
 .rodata        0x000000000001029c       0x23 lib/NDKcore.a(stat.o)
 .rodata        0x00000000000102bf       0x33 lib/NDKcore.a(fork.o)
 *fill*         0x00000000000102f2        0x2 
 .rodata        0x00000000000102f4       0x87 lib/NDKcore.a(exec.o)

.rodata1
 *(.rodata1)

.eh_frame_hdr
 *(.eh_frame_hdr)
 *(.eh_frame_entry .eh_frame_entry.*)

.eh_frame       0x000000000001037c     0x1380
 *(.eh_frame)
 .eh_frame      0x000000000001037c       0x38 NanoCore/start.o
 .eh_frame      0x00000000000103b4      0x108 NanoCore/main.o
                                        0x120 (size before relaxing)
 .eh_frame      0x00000000000104bc       0x60 NanoCore/clock.o
                                         0x78 (size before relaxing)
 .eh_frame      0x000000000001051c       0xe0 NanoCore/keyboard.o
                                         0xf8 (size before relaxing)
 .eh_frame      0x00000000000105fc      0x13c NanoCore/tty.o
                                        0x154 (size before relaxing)
 .eh_frame      0x0000000000010738      0x148 NanoCore/console.o
                                        0x160 (size before relaxing)
 .eh_frame      0x0000000000010880       0x60 NanoCore/i8259.o
                                         0x78 (size before relaxing)
 .eh_frame      0x00000000000108e0       0xb0 NanoCore/protect.o
                                         0xc8 (size before relaxing)
 .eh_frame      0x0000000000010990      0x1c0 NanoCore/proc.o
                                        0x1d8 (size before relaxing)
 .eh_frame      0x0000000000010b50       0x5c NanoCore/systask.o
                                         0x74 (size before relaxing)
 .eh_frame      0x0000000000010bac      0x210 NanoCore/hd.o
                                        0x228 (size before relaxing)
 .eh_frame      0x0000000000010dbc       0xa0 NanoCore/klib.o
                                         0xb8 (size before relaxing)
 .eh_frame      0x0000000000010e5c       0x20 lib/syslog.o
                                         0x38 (size before relaxing)
 .eh_frame      0x0000000000010e7c       0x7c mm/main.o
                                         0x94 (size before relaxing)
 .eh_frame      0x0000000000010ef8       0x90 mm/forkexit.o
                                         0xa8 (size before relaxing)
 .eh_frame      0x0000000000010f88       0x2c mm/exec.o
                                         0x44 (size before relaxing)
 .eh_frame      0x0000000000010fb4      0x174 Nafs/main.o
                                        0x18c (size before relaxing)
 .eh_frame      0x0000000000011128      0x128 Nafs/open.o
                                        0x140 (size before relaxing)
 .eh_frame      0x0000000000011250       0x70 Nafs/misc.o
                                         0x88 (size before relaxing)
 .eh_frame      0x00000000000112c0       0x2c Nafs/read_write.o
                                         0x44 (size before relaxing)
 .eh_frame      0x00000000000112ec       0x2c Nafs/link.o
                                         0x44 (size before relaxing)
 .eh_frame      0x0000000000011318       0x60 Nafs/disklog.o
                                         0x78 (size before relaxing)
 .eh_frame      0x0000000000011378       0xc0 lib/color.o
                                         0xd8 (size before relaxing)
 .eh_frame      0x0000000000011438       0x40 lib/NDKcore.a(printf.o)
                                         0x58 (size before relaxing)
 .eh_frame      0x0000000000011478       0x68 lib/NDKcore.a(vsprintf.o)
                                         0x80 (size before relaxing)
 .eh_frame      0x00000000000114e0       0xbc lib/NDKcore.a(misc.o)
                                         0xd4 (size before relaxing)
 .eh_frame      0x000000000001159c       0x20 lib/NDKcore.a(open.o)
                                         0x38 (size before relaxing)
 .eh_frame      0x00000000000115bc       0x20 lib/NDKcore.a(read.o)
                                         0x38 (size before relaxing)
 .eh_frame      0x00000000000115dc       0x20 lib/NDKcore.a(write.o)
                                         0x38 (size before relaxing)
 .eh_frame      0x00000000000115fc       0x20 lib/NDKcore.a(close.o)
                                         0x38 (size before relaxing)
 .eh_frame      0x000000000001161c       0x20 lib/NDKcore.a(getpid.o)
                                         0x38 (size before relaxing)
 .eh_frame      0x000000000001163c       0x20 lib/NDKcore.a(stat.o)
                                         0x38 (size before relaxing)
 .eh_frame      0x000000000001165c       0x20 lib/NDKcore.a(fork.o)
                                         0x38 (size before relaxing)
 .eh_frame      0x000000000001167c       0x20 lib/NDKcore.a(wait.o)
                                         0x38 (size before relaxing)
 .eh_frame      0x000000000001169c       0x60 lib/NDKcore.a(exec.o)
                                         0x78 (size before relaxing)
 *(.eh_frame.*)

.gcc_except_table
 *(.gcc_except_table .gcc_except_table.*)

.gnu_extab
 *(.gnu_extab*)

.exception_ranges
 *(.exception_ranges .exception_ranges*)
                0x0000000000012000                . = DATA_SEGMENT_ALIGN (0x1000, 0x1000)

.eh_frame
 *(.eh_frame)
 *(.eh_frame.*)

.gnu_extab
 *(.gnu_extab)

.gcc_except_table
 *(.gcc_except_table .gcc_except_table.*)

.exception_ranges
 *(.exception_ranges .exception_ranges*)

.tdata
 *(.tdata .tdata.* .gnu.linkonce.td.*)

.tbss
 *(.tbss .tbss.* .gnu.linkonce.tb.*)
 *(.tcommon)

.preinit_array  0x0000000000012000        0x0
                [!provide]                        PROVIDE (__preinit_array_start, .)
 *(.preinit_array)
                [!provide]                        PROVIDE (__preinit_array_end, .)

.init_array     0x0000000000012000        0x0
                [!provide]                        PROVIDE (__init_array_start, .)
 *(SORT(.init_array.*) SORT(.ctors.*))
 *(.init_array EXCLUDE_FILE(*crtend?.o *crtend.o *crtbegin?.o *crtbegin.o) .ctors)
                [!provide]                        PROVIDE (__init_array_end, .)

.fini_array     0x0000000000012000        0x0
                [!provide]                        PROVIDE (__fini_array_start, .)
 *(SORT(.fini_array.*) SORT(.dtors.*))
 *(.fini_array EXCLUDE_FILE(*crtend?.o *crtend.o *crtbegin?.o *crtbegin.o) .dtors)
                [!provide]                        PROVIDE (__fini_array_end, .)

.ctors
 *crtbegin.o(.ctors)
 *crtbegin?.o(.ctors)
 *(EXCLUDE_FILE(*crtend?.o *crtend.o) .ctors)
 *(SORT(.ctors.*))
 *(.ctors)

.dtors
 *crtbegin.o(.dtors)
 *crtbegin?.o(.dtors)
 *(EXCLUDE_FILE(*crtend?.o *crtend.o) .dtors)
 *(SORT(.dtors.*))
 *(.dtors)

.jcr
 *(.jcr)

.data.rel.ro
 *(.data.rel.ro.local* .gnu.linkonce.d.rel.ro.local.*)
 *(.data.rel.ro .data.rel.ro.* .gnu.linkonce.d.rel.ro.*)

.dynamic
 *(.dynamic)

.got
 *(.got)
 *(.igot)
                0x0000000000012000                . = DATA_SEGMENT_RELRO_END (., (SIZEOF (.got.plt) >= 0xc)?0xc:0x0)

.got.plt        0x0000000000012000        0x0
 *(.got.plt)
 *(.igot.plt)
 .igot.plt      0x0000000000012000        0x0 NanoCore/kernel.o

.data           0x0000000000012000      0x844
 *(.data .data.* .gnu.linkonce.d.*)
 .data          0x0000000000012000        0x2 NanoCore/kernel.o
 .data          0x0000000000012002        0x0 NanoCore/start.o
 .data          0x0000000000012002        0x0 NanoCore/main.o
 .data          0x0000000000012002        0x0 NanoCore/clock.o
 *fill*         0x0000000000012002       0x1e 
 .data          0x0000000000012020      0x600 NanoCore/keyboard.o
                0x0000000000012020                keymap
 .data          0x0000000000012620       0x24 NanoCore/tty.o
 .data          0x0000000000012644        0x0 NanoCore/console.o
 .data          0x0000000000012644        0x0 NanoCore/i8259.o
 *fill*         0x0000000000012644       0x1c 
 .data          0x0000000000012660      0x1b4 NanoCore/global.o
                0x0000000000012660                task_table
                0x0000000000012740                user_proc_table
                0x00000000000127e0                sys_call_table
                0x00000000000127ec                dd_map
                0x0000000000012804                fsbuf
                0x0000000000012808                mmbuf
                0x000000000001280c                logbuf
                0x0000000000012810                logdiskbuf
 .data          0x0000000000012814        0x0 NanoCore/protect.o
 .data          0x0000000000012814        0x0 NanoCore/proc.o
 .data          0x0000000000012814        0x0 NanoCore/systask.o
 .data          0x0000000000012814        0x0 NanoCore/hd.o
 .data          0x0000000000012814        0x0 NanoCore/klib.o
 .data          0x0000000000012814        0x0 lib/syslog.o
 .data          0x0000000000012814        0x0 mm/main.o
 .data          0x0000000000012814        0x0 mm/forkexit.o
 .data          0x0000000000012814        0x0 mm/exec.o
 .data          0x0000000000012814        0x0 Nafs/main.o
 .data          0x0000000000012814        0x0 Nafs/open.o
 .data          0x0000000000012814        0x0 Nafs/misc.o
 .data          0x0000000000012814        0x0 Nafs/read_write.o
 .data          0x0000000000012814        0x0 Nafs/link.o
 .data          0x0000000000012814        0x0 Nafs/disklog.o
 .data          0x0000000000012814       0x30 lib/color.o
                0x0000000000012814                blackBlueColor
                0x0000000000012818                blackGreeenColor
                0x000000000001281c                blackCyanColor
                0x0000000000012820                blackRedColor
                0x0000000000012824                blackMagentaColor
                0x0000000000012828                blackYellowColor
                0x000000000001282c                blackWhiteColor
                0x0000000000012830                blackGrayColor
                0x0000000000012834                blackBrightBlueColor
                0x0000000000012838                blackBrightGreenColor
                0x000000000001283c                blackBrightCyanColor
                0x0000000000012840                blackBrightBrightRedColor
 .data          0x0000000000012844        0x0 lib/NDKcore.a(printf.o)
 .data          0x0000000000012844        0x0 lib/NDKcore.a(vsprintf.o)
 .data          0x0000000000012844        0x0 lib/NDKcore.a(misc.o)
 .data          0x0000000000012844        0x0 lib/NDKcore.a(open.o)
 .data          0x0000000000012844        0x0 lib/NDKcore.a(read.o)
 .data          0x0000000000012844        0x0 lib/NDKcore.a(write.o)
 .data          0x0000000000012844        0x0 lib/NDKcore.a(close.o)
 .data          0x0000000000012844        0x0 lib/NDKcore.a(getpid.o)
 .data          0x0000000000012844        0x0 lib/NDKcore.a(stat.o)
 .data          0x0000000000012844        0x0 lib/NDKcore.a(fork.o)
 .data          0x0000000000012844        0x0 lib/NDKcore.a(wait.o)
 .data          0x0000000000012844        0x0 lib/NDKcore.a(exec.o)

.data1
 *(.data1)
                0x0000000000012844                _edata = .
                [!provide]                        PROVIDE (edata, .)
                0x0000000000012844                . = .
                0x0000000000012844                __bss_start = .

.bss            0x0000000000012860    0x2b788
 *(.dynbss)
 *(.bss .bss.* .gnu.linkonce.b.*)
 .bss           0x0000000000012860      0x800 NanoCore/kernel.o
 .bss           0x0000000000013060        0x0 NanoCore/start.o
 .bss           0x0000000000013060        0x0 NanoCore/main.o
 .bss           0x0000000000013060        0x0 NanoCore/clock.o
 .bss           0x0000000000013060       0x58 NanoCore/keyboard.o
 .bss           0x00000000000130b8        0x0 NanoCore/tty.o
 .bss           0x00000000000130b8        0x0 NanoCore/console.o
 .bss           0x00000000000130b8        0x0 NanoCore/i8259.o
 .bss           0x00000000000130b8        0x0 NanoCore/global.o
 .bss           0x00000000000130b8        0x0 NanoCore/protect.o
 .bss           0x00000000000130b8        0x0 NanoCore/proc.o
 .bss           0x00000000000130b8        0x0 NanoCore/systask.o
 *fill*         0x00000000000130b8        0x8 
 .bss           0x00000000000130c0      0x64c NanoCore/hd.o
 .bss           0x000000000001370c        0x0 NanoCore/klib.o
 .bss           0x000000000001370c        0x0 lib/syslog.o
 .bss           0x000000000001370c        0x0 mm/main.o
 .bss           0x000000000001370c        0x0 mm/forkexit.o
 .bss           0x000000000001370c        0x0 mm/exec.o
 .bss           0x000000000001370c        0x0 Nafs/main.o
 .bss           0x000000000001370c        0x0 Nafs/open.o
 .bss           0x000000000001370c        0x0 Nafs/misc.o
 .bss           0x000000000001370c        0x0 Nafs/read_write.o
 .bss           0x000000000001370c        0x0 Nafs/link.o
 *fill*         0x000000000001370c       0x14 
 .bss           0x0000000000013720      0x208 Nafs/disklog.o
 .bss           0x0000000000013928        0x4 lib/color.o
                0x0000000000013928                blackBlackColor
 .bss           0x000000000001392c        0x0 lib/NDKcore.a(printf.o)
 .bss           0x000000000001392c        0x0 lib/NDKcore.a(vsprintf.o)
 .bss           0x000000000001392c        0x0 lib/NDKcore.a(misc.o)
 .bss           0x000000000001392c        0x0 lib/NDKcore.a(open.o)
 .bss           0x000000000001392c        0x0 lib/NDKcore.a(read.o)
 .bss           0x000000000001392c        0x0 lib/NDKcore.a(write.o)
 .bss           0x000000000001392c        0x0 lib/NDKcore.a(close.o)
 .bss           0x000000000001392c        0x0 lib/NDKcore.a(getpid.o)
 .bss           0x000000000001392c        0x0 lib/NDKcore.a(stat.o)
 .bss           0x000000000001392c        0x0 lib/NDKcore.a(fork.o)
 .bss           0x000000000001392c        0x0 lib/NDKcore.a(wait.o)
 .bss           0x000000000001392c        0x0 lib/NDKcore.a(exec.o)
 *(COMMON)
 *fill*         0x000000000001392c       0x14 
 COMMON         0x0000000000013940    0x2a698 NanoCore/global.o
                0x0000000000013940                idt_ptr
                0x0000000000013960                inode_table
                0x0000000000014460                task_stack
                0x0000000000038460                k_reenter
                0x0000000000038480                gdt
                0x0000000000038880                current_console
                0x0000000000038884                pcaller
                0x00000000000388a0                tty_table
                0x0000000000039520                tss
                0x00000000000395a0                fs_msg
                0x00000000000395d0                memory_size
                0x00000000000395e0                f_desc_table
                0x00000000000399e0                root_inode
                0x00000000000399e4                disp_pos
                0x0000000000039a00                mm_msg
                0x0000000000039a30                key_pressed
                0x0000000000039a34                gdt_ptr
                0x0000000000039a40                idt
                0x000000000003a240                super_block
                0x000000000003a420                ticks
                0x000000000003a440                console_table
                0x000000000003a480                irq_table
                0x000000000003a4c0                p_proc_ready
                0x000000000003a4e0                proc_table
 COMMON         0x000000000003dfd8       0x10 NanoCore/hd.o
                0x000000000003dfd8                PARTITION_ENTRY
                0x000000000003dfe8                . = ALIGN ((. != 0x0)?0x4:0x1)
                0x000000000003dfe8                . = ALIGN (0x4)
                0x000000000003dfe8                . = SEGMENT_START ("ldata-segment", .)
                0x000000000003dfe8                . = ALIGN (0x4)
                0x000000000003dfe8                _end = .
                [!provide]                        PROVIDE (end, .)
                0x000000000003dfe8                . = DATA_SEGMENT_END (.)

.stab
 *(.stab)

.stabstr
 *(.stabstr)

.stab.excl
 *(.stab.excl)

.stab.exclstr
 *(.stab.exclstr)

.stab.index
 *(.stab.index)

.stab.indexstr
 *(.stab.indexstr)

.comment        0x0000000000000000       0x23
 *(.comment)
 .comment       0x0000000000000000       0x23 NanoCore/start.o
                                         0x24 (size before relaxing)
 .comment       0x0000000000000023       0x24 NanoCore/main.o
 .comment       0x0000000000000023       0x24 NanoCore/clock.o
 .comment       0x0000000000000023       0x24 NanoCore/keyboard.o
 .comment       0x0000000000000023       0x24 NanoCore/tty.o
 .comment       0x0000000000000023       0x24 NanoCore/console.o
 .comment       0x0000000000000023       0x24 NanoCore/i8259.o
 .comment       0x0000000000000023       0x24 NanoCore/global.o
 .comment       0x0000000000000023       0x24 NanoCore/protect.o
 .comment       0x0000000000000023       0x24 NanoCore/proc.o
 .comment       0x0000000000000023       0x24 NanoCore/systask.o
 .comment       0x0000000000000023       0x24 NanoCore/hd.o
 .comment       0x0000000000000023       0x24 NanoCore/klib.o
 .comment       0x0000000000000023       0x24 lib/syslog.o
 .comment       0x0000000000000023       0x24 mm/main.o
 .comment       0x0000000000000023       0x24 mm/forkexit.o
 .comment       0x0000000000000023       0x24 mm/exec.o
 .comment       0x0000000000000023       0x24 Nafs/main.o
 .comment       0x0000000000000023       0x24 Nafs/open.o
 .comment       0x0000000000000023       0x24 Nafs/misc.o
 .comment       0x0000000000000023       0x24 Nafs/read_write.o
 .comment       0x0000000000000023       0x24 Nafs/link.o
 .comment       0x0000000000000023       0x24 Nafs/disklog.o
 .comment       0x0000000000000023       0x24 lib/color.o
 .comment       0x0000000000000023       0x24 lib/NDKcore.a(printf.o)
 .comment       0x0000000000000023       0x24 lib/NDKcore.a(vsprintf.o)
 .comment       0x0000000000000023       0x24 lib/NDKcore.a(misc.o)
 .comment       0x0000000000000023       0x24 lib/NDKcore.a(open.o)
 .comment       0x0000000000000023       0x24 lib/NDKcore.a(read.o)
 .comment       0x0000000000000023       0x24 lib/NDKcore.a(write.o)
 .comment       0x0000000000000023       0x24 lib/NDKcore.a(close.o)
 .comment       0x0000000000000023       0x24 lib/NDKcore.a(getpid.o)
 .comment       0x0000000000000023       0x24 lib/NDKcore.a(stat.o)
 .comment       0x0000000000000023       0x24 lib/NDKcore.a(fork.o)
 .comment       0x0000000000000023       0x24 lib/NDKcore.a(wait.o)
 .comment       0x0000000000000023       0x24 lib/NDKcore.a(exec.o)

.debug
 *(.debug)

.line
 *(.line)

.debug_srcinfo
 *(.debug_srcinfo)

.debug_sfnames
 *(.debug_sfnames)

.debug_aranges
 *(.debug_aranges)

.debug_pubnames
 *(.debug_pubnames)

.debug_info
 *(.debug_info .gnu.linkonce.wi.*)

.debug_abbrev
 *(.debug_abbrev)

.debug_line
 *(.debug_line .debug_line.* .debug_line_end)

.debug_frame
 *(.debug_frame)

.debug_str
 *(.debug_str)

.debug_loc
 *(.debug_loc)

.debug_macinfo
 *(.debug_macinfo)

.debug_weaknames
 *(.debug_weaknames)

.debug_funcnames
 *(.debug_funcnames)

.debug_typenames
 *(.debug_typenames)

.debug_varnames
 *(.debug_varnames)

.debug_pubtypes
 *(.debug_pubtypes)

.debug_ranges
 *(.debug_ranges)

.debug_macro
 *(.debug_macro)

.gnu.attributes
 *(.gnu.attributes)

/DISCARD/
 *(.note.GNU-stack)
 *(.gnu_debuglink)
 *(.gnu.lto_*)
OUTPUT(kernel.bin elf32-i386)
